
        88888888888                            888
            888                                888
            888                                888
            888  888d888 .d88b.  88888b.   .d88888 88888888
            888  888P"  d8P  Y8b 888 "88b d88" 888    d88P
            888  888    88888888 888  888 888  888   d88P
            888  888    Y8b.     888  888 Y88b 888  d88P
            888  888     "Y8888  888  888  "Y88888 88888888

        =====================================================
        ================== Version 1.13.1 ===================
        =====================================================

        88888888888                            888
            888                                888
            888                                888
            888  888d888 .d88b.  88888b.   .d88888 88888888
            888  888P"  d8P  Y8b 888 "88b d88" 888    d88P
            888  888    88888888 888  888 888  888   d88P
            888  888    Y8b.     888  888 Y88b 888  d88P
            888  888     "Y8888  888  888  "Y88888 88888888

        =====================================================
        ================== Version 1.13.1 ===================
        =====================================================

        88888888888                            888
            888                                888
            888                                888
            888  888d888 .d88b.  88888b.   .d88888 88888888
            888  888P"  d8P  Y8b 888 "88b d88" 888    d88P
            888  888    88888888 888  888 888  888   d88P
            888  888    Y8b.     888  888 Y88b 888  d88P
            888  888     "Y8888  888  888  "Y88888 88888888

        =====================================================
        ================== Version 1.13.1 ===================
        =====================================================

        88888888888                            888
            888                                888
            888                                888
            888  888d888 .d88b.  88888b.   .d88888 88888888
            888  888P"  d8P  Y8b 888 "88b d88" 888    d88P
            888  888    88888888 888  888 888  888   d88P
            888  888    Y8b.     888  888 Y88b 888  d88P
            888  888     "Y8888  888  888  "Y88888 88888888

        =====================================================
        ================== Version 1.13.1 ===================
        =====================================================

        88888888888                            888
            888                                888
            888                                888
            888  888d888 .d88b.  88888b.   .d88888 88888888
            888  888P"  d8P  Y8b 888 "88b d88" 888    d88P
            888  888    88888888 888  888 888  888   d88P
            888  888    Y8b.     888  888 Y88b 888  d88P
            888  888     "Y8888  888  888  "Y88888 88888888

        =====================================================
        ================== Version 1.13.1 ===================
        =====================================================

        88888888888                            888
            888                                888
            888                                888
            888  888d888 .d88b.  88888b.   .d88888 88888888
            888  888P"  d8P  Y8b 888 "88b d88" 888    d88P
            888  888    88888888 888  888 888  888   d88P
            888  888    Y8b.     888  888 Y88b 888  d88P
            888  888     "Y8888  888  888  "Y88888 88888888

        =====================================================
        ================== Version 1.13.1 ===================
        =====================================================

        88888888888                            888
            888                                888
            888                                888
            888  888d888 .d88b.  88888b.   .d88888 88888888
            888  888P"  d8P  Y8b 888 "88b d88" 888    d88P
            888  888    88888888 888  888 888  888   d88P
            888  888    Y8b.     888  888 Y88b 888  d88P
            888  888     "Y8888  888  888  "Y88888 88888888

        =====================================================
        ================== Version 1.13.1 ===================
        =====================================================

        88888888888                            888
            888                                888
            888                                888
            888  888d888 .d88b.  88888b.   .d88888 88888888
            888  888P"  d8P  Y8b 888 "88b d88" 888    d88P
            888  888    88888888 888  888 888  888   d88P
            888  888    Y8b.     888  888 Y88b 888  d88P
            888  888     "Y8888  888  888  "Y88888 88888888

        =====================================================
        ================== Version 1.13.1 ===================
        =====================================================

        88888888888                            888
            888                                888
            888                                888
            888  888d888 .d88b.  88888b.   .d88888 88888888
            888  888P"  d8P  Y8b 888 "88b d88" 888    d88P
            888  888    88888888 888  888 888  888   d88P
            888  888    Y8b.     888  888 Y88b 888  d88P
            888  888     "Y8888  888  888  "Y88888 88888888

        =====================================================
        ================== Version 1.13.1 ===================
        =====================================================

        88888888888                            888
            888                                888
            888                                888
            888  888d888 .d88b.  88888b.   .d88888 88888888
            888  888P"  d8P  Y8b 888 "88b d88" 888    d88P
            888  888    88888888 888  888 888  888   d88P
            888  888    Y8b.     888  888 Y88b 888  d88P
            888  888     "Y8888  888  888  "Y88888 88888888

        =====================================================
        ================== Version 1.13.1 ===================
        =====================================================

        88888888888                            888
            888                                888
            888                                888
            888  888d888 .d88b.  88888b.   .d88888 88888888
            888  888P"  d8P  Y8b 888 "88b d88" 888    d88P
            888  888    88888888 888  888 888  888   d88P
            888  888    Y8b.     888  888 Y88b 888  d88P
            888  888     "Y8888  888  888  "Y88888 88888888

        =====================================================
        ================== Version 1.13.1 ===================
        =====================================================

        88888888888                            888
            888                                888
            888                                888
            888  888d888 .d88b.  88888b.   .d88888 88888888
            888  888P"  d8P  Y8b 888 "88b d88" 888    d88P
            888  888    88888888 888  888 888  888   d88P
            888  888    Y8b.     888  888 Y88b 888  d88P
            888  888     "Y8888  888  888  "Y88888 88888888

        =====================================================
        ================== Version 1.13.1 ===================
        =====================================================

        88888888888                            888
            888                                888
            888                                888
            888  888d888 .d88b.  88888b.   .d88888 88888888
            888  888P"  d8P  Y8b 888 "88b d88" 888    d88P
            888  888    88888888 888  888 888  888   d88P
            888  888    Y8b.     888  888 Y88b 888  d88P
            888  888     "Y8888  888  888  "Y88888 88888888

        =====================================================
        ================== Version 1.13.1 ===================
        =====================================================

        88888888888                            888
            888                                888
            888                                888
            888  888d888 .d88b.  88888b.   .d88888 88888888
            888  888P"  d8P  Y8b 888 "88b d88" 888    d88P
            888  888    88888888 888  888 888  888   d88P
            888  888    Y8b.     888  888 Y88b 888  d88P
            888  888     "Y8888  888  888  "Y88888 88888888

        =====================================================
        ================== Version 1.13.1 ===================
        =====================================================

        88888888888                            888
            888                                888
            888                                888
            888  888d888 .d88b.  88888b.   .d88888 88888888
            888  888P"  d8P  Y8b 888 "88b d88" 888    d88P
            888  888    88888888 888  888 888  888   d88P
            888  888    Y8b.     888  888 Y88b 888  d88P
            888  888     "Y8888  888  888  "Y88888 88888888

        =====================================================
        ================== Version 1.13.1 ===================
        =====================================================

        88888888888                            888
            888                                888
            888                                888
            888  888d888 .d88b.  88888b.   .d88888 88888888
            888  888P"  d8P  Y8b 888 "88b d88" 888    d88P
            888  888    88888888 888  888 888  888   d88P
            888  888    Y8b.     888  888 Y88b 888  d88P
            888  888     "Y8888  888  888  "Y88888 88888888

        =====================================================
        ================== Version 1.13.1 ===================
        =====================================================

        88888888888                            888
            888                                888
            888                                888
            888  888d888 .d88b.  88888b.   .d88888 88888888
            888  888P"  d8P  Y8b 888 "88b d88" 888    d88P
            888  888    88888888 888  888 888  888   d88P
            888  888    Y8b.     888  888 Y88b 888  d88P
            888  888     "Y8888  888  888  "Y88888 88888888

        =====================================================
        ================== Version 1.13.1 ===================
        =====================================================

        88888888888                            888
            888                                888
            888                                888
            888  888d888 .d88b.  88888b.   .d88888 88888888
            888  888P"  d8P  Y8b 888 "88b d88" 888    d88P
            888  888    88888888 888  888 888  888   d88P
            888  888    Y8b.     888  888 Y88b 888  d88P
            888  888     "Y8888  888  888  "Y88888 88888888

        =====================================================
        ================== Version 1.13.1 ===================
        =====================================================
